[icglrcertification.org/index.html]
[icglrcertification.org/static/assets/img/favicon.png]
[backblue.gif]
[fade.gif]
[index.html]
[icglrcertification.org/static/assets/vendor/bootstrap/css/bootstrap.min.css]
[icglrcertification.org/static/assets/vendor/fontawesome/css/all.min.css]
[icglrcertification.org/static/assets/vendor/glightbox/css/glightbox.css]
[icglrcertification.org/static/assets/vendor/aos/css/aos.css]
[icglrcertification.org/static/assets/vendor/swiper/css/swiper-bundle.min.css]
[icglrcertification.org/static/assets/css/main-cssf509.css]
[icglrcertification.org/static/assets/vendor/style-switcher/css/style-switcher.css]
[icglrcertification.org/static/map/map.css]
[icglrcertification.org/static/assets/misc.css]
[www.icglrcertification.org/static/logo.png]
[icglrcertification.org/static/js/handler.js]
[icglrcertification.org/static/js/inst.js]
[icglrcertification.org/static/assets/img/logo.png]
[icglrcertification.org/about.html]
[icglrcertification.org/verify/a1b2c3d4e5/index.html]
[icglrcertification.org/assessment.html]
[icglrcertification.org/compliance.html]
[icglrcertification.org/contact.html]
[icglrcertification.org/static/assets/img/specimen.png]
[icglrcertification.org/apply/k3j2h1g4f5/index.html]
[icglrcertification.org/static/assets/img/slider/1920x600-1.webp]
[icglrcertification.org/blogpost.html]
[icglrcertification.org/cdn-cgi/l/email-protection]
[icglrcertification.org/features.html]
[icglrcertification.org/cdn-cgi/scripts/5c5dd728/cloudflare-static/email-decode.min.js]
[icglrcertification.org/static/map/mdata.js]
[icglrcertification.org/static/assets/vendor/bootstrap/js/popper.min.js]
[icglrcertification.org/static/map/worldmap.js]
[icglrcertification.org/static/assets/vendor/bootstrap/js/bootstrap.min.js]
[icglrcertification.org/static/assets/vendor/glightbox/js/glightbox.min.js]
[icglrcertification.org/static/assets/vendor/swiper/js/swiper-bundle.min.js]
[icglrcertification.org/static/assets/vendor/aos/js/aos.js]
[icglrcertification.org/static/assets/js/main.js]
[icglrcertification.org/index.html]
[icglrcertification.org/static/assets/vendor/bootstrap/css/bootstrap.min.css]
[icglrcertification.org/static/assets/vendor/fontawesome/webfonts/fa-brands-400.html]
[icglrcertification.org/static/assets/vendor/fontawesome/webfonts/fa-brands-400.ttf]
[icglrcertification.org/static/assets/vendor/fontawesome/webfonts/fa-regular-400.woff2]
[icglrcertification.org/static/assets/vendor/fontawesome/webfonts/fa-regular-400.ttf]
[icglrcertification.org/static/assets/vendor/fontawesome/webfonts/fa-solid-900.woff2]
[icglrcertification.org/static/assets/vendor/fontawesome/webfonts/fa-solid-900.ttf]
[icglrcertification.org/static/assets/vendor/fontawesome/webfonts/fa-v4compatibility.woff2]
[icglrcertification.org/static/assets/vendor/fontawesome/webfonts/fa-v4compatibility.ttf]
[icglrcertification.org/static/assets/vendor/fontawesome/css/all.min.css]
[icglrcertification.org/static/assets/vendor/glightbox/css/glightbox.css]
[icglrcertification.org/static/assets/vendor/aos/css/aos.css]
[icglrcertification.org/static/assets/vendor/swiper/css/swiper-bundle.min.css]
[icglrcertification.org/static/assets/vendor/fontawesome/css/all.css]
[icglrcertification.org/static/assets/img/home-parallax.jpg]
[icglrcertification.org/static/assets/img/slider/1920x600-2.webp]
[icglrcertification.org/static/assets/img/slider/1920x600-3.webp]
[icglrcertification.org/static/assets/img/hero/3840x1200.webp]
[icglrcertification.org/static/assets/img/hero/3840x1200-medical.webp]
[icglrcertification.org/static/assets/img/hero/3840x1200-law.webp]
[icglrcertification.org/static/assets/img/hero/3840x1200-bitcoin.webp]
[icglrcertification.org/static/assets/img/hero/3840x1200-jobs.webp]
[icglrcertification.org/static/assets/img/hero/3840x1200-agriculture.webp]
[icglrcertification.org/static/assets/img/loading.gif]
[icglrcertification.org/static/assets/css/main-cssf509.css]
[icglrcertification.org/static/assets/vendor/style-switcher/css/style-switcher.css]
[icglrcertification.org/static/map/map.css]
[icglrcertification.org/static/assets/misc.css]
[icglrcertification.org/static/assets/img/home-parallax_dark.jpg]
[icglrcertification.org/about.html]
[icglrcertification.org/static/assets/css/main-css6491.css]
[icglrcertification.org/verify/a1b2c3d4e5/index.html]
[icglrcertification.org/static/assets/css/main-cssad7c.css]
[icglrcertification.org/assets/js/form-validation.html]
[icglrcertification.org/assessment.html]
[icglrcertification.org/static/assets/css/main-cssc3f0.css]
[icglrcertification.org/apply/k3j2h1g4f5/assets/js/form-validation.html]
[icglrcertification.org/apply/k3j2h1g4f5/index.html]
[icglrcertification.org/compliance.html]
[icglrcertification.org/contact.html]
[icglrcertification.org/blogpost.html]
[icglrcertification.org/cdn-cgi/l/email-protection.html]
[icglrcertification.org/static/assets/css/main-css15e0.css]
[icglrcertification.org/features.html]
[icglrcertification.org/static/assets/vendor/style-switcher/js/style-switcher.js]
[icglrcertification.org/static/assets/vendor/fontawesome/webfonts/fa-brands-400.html]
[icglrcertification.org/static/assets/vendor/fontawesome/webfonts/fa-regular-400.html]
[icglrcertification.org/static/assets/vendor/fontawesome/webfonts/fa-solid-900.html]
[icglrcertification.org/static/assets/vendor/fontawesome/webfonts/fa-v4compatibility.html]
[icglrcertification.org/static/assets/vendor/fontawesome/css/all.css]
[icglrcertification.org/static/assets/css/main-css6491.css]
[icglrcertification.org/static/assets/css/main-cssad7c.css]
[icglrcertification.org/assets/js/form-validation.html]
[icglrcertification.org/static/assets/css/main-cssc3f0.css]
[icglrcertification.org/apply/k3j2h1g4f5/assets/js/form-validation.html]
[icglrcertification.org/static/assets/css/main-css15e0.css]
[icglrcertification.org/static/assets/css/main-css4c71.css]
[icglrcertification.org/static/assets/css/main-css4c71.css]
